$ generategidsummary "prefix" "2"
create gid summary records in summary tables in prefix

$ gufi_query -d " " -S "SELECT path(), level(), rectype FROM summary;" "prefix"
prefix 0 0
prefix 0 2
prefix/directory 1 0
prefix/directory 1 2
prefix/directory/subdirectory 2 0
prefix/directory/subdirectory 2 2
prefix/leaf_directory 1 0
prefix/leaf_directory 1 2
prefix/unusual#? directory , 1 0
prefix/unusual#? directory , 1 2

$ gufi_query -d " " -S "SELECT path(), level(), totfiles, totlinks, '[', gid, minuid, maxuid, mingid, maxgid, ']', minsize, maxsize, totltk, totmtk, totltm, totmtm, totmtg, totmtt, totsize, minmtime, maxmtime, minatime, maxatime, totxattr, mincrtime, maxcrtime, minossint1, maxossint1, totossint1, minossint2, maxossint2, totossint2, minossint3, maxossint3, totossint3, minossint4, maxossint4, totossint4, rectype FROM summary WHERE rectype == 2;" "prefix"
prefix 0 5 1 1001 1001 1001 1001 1001 0 1048576 4 1 5 0 0 0 1049622 0 1048576 0 1048576 1 0 0 0 0 0 0 0 0 0 0 0 0 0 0 2
prefix/directory 1 3 0 1001 1001 1001 1001 1001 1 3 3 0 3 0 0 0 6 1 3 1 3 0 0 0 0 0 0 0 0 0 0 0 0 0 0 0 2
prefix/directory/subdirectory 2 1 1 1001 1001 1001 1001 1001 5 5 1 0 1 0 0 0 5 4 5 4 5 0 0 0 0 0 0 0 0 0 0 0 0 0 0 0 2
prefix/leaf_directory 1 2 0 1001 1001 1001 1001 1001 10 11 2 0 2 0 0 0 21 10 11 10 11 6 0 0 0 0 0 0 0 0 0 0 0 0 0 0 2
prefix/unusual#? directory , 1 1 0 1001 1001 1001 1001 1001 14 14 1 0 1 0 0 0 14 14 14 14 14 0 0 0 0 0 0 0 0 0 0 0 0 0 0 0 2

$ gufi_query -d " " -S "SELECT path(), level(), totfiles, totlinks, '[', gid, minuid, maxuid, mingid, maxgid, ']', minsize, maxsize, totltk, totmtk, totltm, totmtm, totmtg, totmtt, totsize, minmtime, maxmtime, minatime, maxatime, totxattr, mincrtime, maxcrtime, minossint1, maxossint1, totossint1, minossint2, maxossint2, totossint2, minossint3, maxossint3, totossint3, minossint4, maxossint4, totossint4, rectype FROM vsummarygroup;" "prefix"
prefix 0 5 1 1001 1001 1001 1001 1001 0 1048576 4 1 5 0 0 0 1049622 0 1048576 0 1048576 1 0 0 0 0 0 0 0 0 0 0 0 0 0 0 2
prefix/directory 1 3 0 1001 1001 1001 1001 1001 1 3 3 0 3 0 0 0 6 1 3 1 3 0 0 0 0 0 0 0 0 0 0 0 0 0 0 0 2
prefix/directory/subdirectory 2 1 1 1001 1001 1001 1001 1001 5 5 1 0 1 0 0 0 5 4 5 4 5 0 0 0 0 0 0 0 0 0 0 0 0 0 0 0 2
prefix/leaf_directory 1 2 0 1001 1001 1001 1001 1001 10 11 2 0 2 0 0 0 21 10 11 10 11 6 0 0 0 0 0 0 0 0 0 0 0 0 0 0 2
prefix/unusual#? directory , 1 1 0 1001 1001 1001 1001 1001 14 14 1 0 1 0 0 0 14 14 14 14 14 0 0 0 0 0 0 0 0 0 0 0 0 0 0 0 2

