# gufi_stat -h
$ gufi_stat
usage: gufi_stat [options] path ...
options:
  -h                     help
  -H                     show assigned input values (debugging)
  -f <FORMAT>            use the specified FORMAT instead of the default; output a newline after each use of FORMAT
  -j                     print the information in terse form

path                 path to stat


# first line of default print
  File: '.hidden'
  File: '1KB'
  File: '1MB'
  File: 'directory/executable'
  File: 'directory/readonly'
  File: 'directory/subdirectory/repeat_name'
  File: 'directory/writable'
  File: 'leaf_directory/leaf_file1'
  File: 'leaf_directory/leaf_file2'
  File: 'old_file'
  File: 'repeat_name'
  File: 'unusual#? directory ,/unusual, name?#'

# first two columns of terse format
.hidden 9
1KB 1024
1MB 1048576
directory/executable 1
directory/readonly 2
directory/subdirectory/repeat_name 5
directory/writable 3
leaf_directory/leaf_file1 10
leaf_directory/leaf_file2 11
old_file 0
repeat_name 13
unusual#? directory

# custom print format
'.hidden'                                                                             .hidden 664 -rw-rw-r--     81b4 regular file   9 - 0 1970-01-01 00:00:09 +0000 9 1970-01-01 00:00:09 +0000 9
'1KB'                                                                                     1KB 664 -rw-rw-r--     81b4 regular file   1024 - 0 1970-01-01 00:17:04 +0000 1024 1970-01-01 00:17:04 +0000 1024
'1MB'                                                                                     1MB 664 -rw-rw-r--     81b4 regular file   1048576 - 0 1970-01-13 03:16:16 +0000 1048576 1970-01-13 03:16:16 +0000 1048576
'directory'                                                                         directory 775 drwxrwxr-x     41fd directory   'directory' - 0 1970-01-01 00:00:07 +0000 7 1970-01-01 00:00:07 +0000 7
'directory/executable'                                                   directory/executable 777 -rwxrwxrwx     81ff regular file   1 - 0 1970-01-01 00:00:01 +0000 1 1970-01-01 00:00:01 +0000 1
'directory/readonly'                                                       directory/readonly 444 -r--r--r--     8124 regular file   2 - 0 1970-01-01 00:00:02 +0000 2 1970-01-01 00:00:02 +0000 2
'directory/subdirectory'                                               directory/subdirectory 775 drwxrwxr-x     41fd directory   'directory/subdirectory' - 0 1970-01-01 00:00:06 +0000 6 1970-01-01 00:00:06 +0000 6
'directory/subdirectory/repeat_name'                       directory/subdirectory/repeat_name 664 -rw-rw-r--     81b4 regular file   5 - 0 1970-01-01 00:00:05 +0000 5 1970-01-01 00:00:05 +0000 5
'directory/writable'                                                       directory/writable 666 -rw-rw-rw-     81b6 regular file   3 - 0 1970-01-01 00:00:03 +0000 3 1970-01-01 00:00:03 +0000 3
'leaf_directory'                                                               leaf_directory 775 drwxrwxr-x     41fd directory   'leaf_directory' - 0 1970-01-01 00:00:12 +0000 12 1970-01-01 00:00:12 +0000 12
'leaf_directory/leaf_file1'                                         leaf_directory/leaf_file1 664 -rw-rw-r--     81b4 regular file   10 - 0 1970-01-01 00:00:10 +0000 10 1970-01-01 00:00:10 +0000 10
'leaf_directory/leaf_file2'                                         leaf_directory/leaf_file2 664 -rw-rw-r--     81b4 regular file   11 - 0 1970-01-01 00:00:11 +0000 11 1970-01-01 00:00:11 +0000 11
'old_file'                                                                           old_file 664 -rw-rw-r--     81b4 regular file   0 - 0 1970-01-01 00:00:00 +0000 0 1970-01-01 00:00:00 +0000 0
'repeat_name'                                                                     repeat_name 664 -rw-rw-r--     81b4 regular file   13 - 0 1970-01-01 00:00:13 +0000 13 1970-01-01 00:00:13 +0000 13
'unusual#? directory ,/unusual, name?#'                 unusual#? directory ,/unusual, name?# 664 -rw-rw-r--     81b4 regular file   14 - 0 1970-01-01 00:00:14 +0000 14 1970-01-01 00:00:14 +0000 14

'directory/subdirectory/directory_symlink' -> 'directory/subdirectory' directory/subdirectory/directory_symlink 777 lrwxrwxrwx     a1ff symbolic link   'directory/subdirectory/directory_symlink' -> 'directory/subdirectory' - 0 1970-01-01 00:00:04 +0000 4 1970-01-01 00:00:04 +0000 4
'file_symlink' -> '1KB' file_symlink 777 lrwxrwxrwx     a1ff symbolic link   'file_symlink' -> '1KB' - 0 1970-01-01 00:00:08 +0000 8 1970-01-01 00:00:08 +0000 8

# escape character parsing
\a -> 07
\b -> 08
\e -> 1b
\f -> 0c
\n -> 0a
\r -> 0d
\t -> 09
\v -> 0b
\\ -> \
\' -> '
\" -> "
\? -> ?
\x41 -> A
\x61 -> a
\x41A -> AA
\x61a -> aa
\xaA -> ª
\xAa -> ª
\x? -> gufi_stat: missing hex digit for \x
\x?
\xA? ->
?
\101 -> A
\141 -> a
\a60 -> 60
\6a0 -> æa0
\60a -> 0a
\yabcd -> \yabcd

$ gufi_stat prefix/bad/directory
Cannot open database: prefix/bad/db.db unable to open database file rc 14
gufi_stat: cannot stat 'prefix/bad/directory': No such file or directory

$ gufi_stat prefix/badfile
gufi_stat: cannot stat 'prefix/badfile': No such file or directory

