# gufi_trace2index help
$ gufi_trace2index
usage: gufi_trace2index [options] trace_file... output_dir
options:
  -h                     help
  -H                     show assigned input values (debugging)
  -n <threads>           number of threads
  -d <delim>             delimiter (one char)  [use 'x' for 0x1E]
  -M <bytes>             target memory footprint

trace_file...     parse one or more trace files to produce the GUFI index
output_dir        build GUFI index here


$ generatetree prefix

$ gufi_dir2trace -d "|" -n 2 -x "prefix" "trace"
Creating GUFI Traces trace with 2 threads
Total Dirs:          6
Total Files:         14

$ gufi_trace2index -d "|" trace.0 trace.1 "prefix"
Creating GUFI Index prefix with 1 threads
Dirs:                6 (1 empty)
Files:               14
Total:               20

Total Dirs:          6
Total Files:         14

Source Directory:
    prefix
    prefix/.hidden
    prefix/1KB
    prefix/1MB
    prefix/directory
    prefix/directory/executable
    prefix/directory/readonly
    prefix/directory/subdirectory
    prefix/directory/subdirectory/directory_symlink
    prefix/directory/subdirectory/repeat_name
    prefix/directory/writable
    prefix/empty_directory
    prefix/file_symlink
    prefix/leaf_directory
    prefix/leaf_directory/leaf_file1
    prefix/leaf_directory/leaf_file2
    prefix/old_file
    prefix/repeat_name
    prefix/unusual#? directory ,
    prefix/unusual#? directory ,/unusual, name?#

GUFI Index:
    prefix
    prefix/.hidden
    prefix/1KB
    prefix/1MB
    prefix/directory
    prefix/directory/executable
    prefix/directory/readonly
    prefix/directory/subdirectory
    prefix/directory/subdirectory/directory_symlink
    prefix/directory/subdirectory/repeat_name
    prefix/directory/writable
    prefix/empty_directory
    prefix/file_symlink
    prefix/leaf_directory
    prefix/leaf_directory/leaf_file1
    prefix/leaf_directory/leaf_file2
    prefix/old_file
    prefix/repeat_name
    prefix/unusual#? directory ,
    prefix/unusual#? directory ,/unusual, name?#

# create index from a trace file whose last item is an empty directory
$ gufi_trace2index -d "|" -n "2" "empty_last_dir.trace" "prefix"
Creating GUFI Index prefix with 2 threads
Dirs:                7 (2 empty)
Files:               14
Total:               21

Total Dirs:          7
Total Files:         14

# bad trace path
$ gufi_trace2index -d "|" -n "2" "" "prefix"
Could not open "": No such file or directory (2)
Failed to open trace file for each thread

# bad index path
$ gufi_trace2index -d "|" -n "2" "trace" "prefix/1KB" 2> >(sort)
Could not create directory prefix/1KB


# empty trace
$ gufi_trace2index -d "|" -n "2" "badtrace" "prefix"
Could not get the first line of the trace
Creating GUFI Index prefix with 2 threads
Total Dirs:          0
Total Files:         0


# cannot find delimiter of first line
$ gufi_trace2index -d "?" -n "2" "trace" "prefix"
Could not find the specified delimiter
Creating GUFI Index prefix with 2 threads
Total Dirs:          0
Total Files:         0


# first line does not start with a directory
$ gufi_trace2index -d "|" -n "2" "badtrace" "prefix"
First line of trace is not a directory
Creating GUFI Index prefix with 2 threads
Total Dirs:          0
Total Files:         0


# file delimiter not found
$ gufi_trace2index -d "|" -n "2" "badtrace" "prefix"
Scout encountered bad line ending at badtrace offset 62
Creating GUFI Index prefix with 2 threads
Total Dirs:          0
Total Files:         0

