$ gufi_stats --help
usage: gufi_stats [--help] [--version] [--recursive] [--cumulative]
                  [--order order] [--num-results n] [--uid u] [--delim c]
                  [--in-memory-name name] [--aggregate-name name]
                  [--skip-file filename]
                  {depth,filesize,filecount,linkcount,dircount,leaf-dirs,leaf-depth,leaf-files,leaf-links,extensions,total-filesize,total-filecount,total-linkcount,total-dircount,total-leaf-files,total-leaf-links,files-per-level,links-per-level,dirs-per-level,average-leaf-files,average-leaf-links,average-leaf-size,median-leaf-files,median-leaf-links,median-leaf-size,duplicate-names,uid-size,gid-size}
                  [path]
GUFI statistics
positional arguments:
  {depth,filesize,filecount,linkcount,dircount,leaf-dirs,leaf-depth,leaf-files,leaf-links,extensions,total-filesize,total-filecount,total-linkcount,total-dircount,total-leaf-files,total-leaf-links,files-per-level,links-per-level,dirs-per-level,average-leaf-files,average-leaf-links,average-leaf-size,median-leaf-files,median-leaf-links,median-leaf-size,duplicate-names,uid-size,gid-size}
                        statistic to get
  path
options:
  --help                show this help message and exit
  --version, -v         show program's version number and exit
  --recursive, -r       run command recursively (depth, filesize, filecount,
                        linkcount, dircount, leaf-dirs, leaf-depth, leaf-
                        files, leaf-links, extensions)
  --cumulative, -c      return cumulative values (total-filesize, total-
                        filecount, total-linkcount, total-dircount, total-
                        leaf-files, total-leaf-links, files-per-level, links-
                        per-level, dirs-per-level)
  --order order         sort output (if applicable)
  --num-results n       first n results
  --uid u, --user u     restrict to user
  --delim c             delimiter separating output columns
  --in-memory-name name
                        Name of in-memory database when aggregation is
                        performed
  --aggregate-name name
                        Name of final database when aggregation is performed
  --skip-file filename  Name of file containing directory basenames to skip
$ gufi_stats    depth
0

$ gufi_stats -r depth
prefix 0
directory 1
directory/subdirectory 2
leaf_directory 1
unusual#? directory , 1

$ gufi_stats    filesize
1049622

$ gufi_stats -r filesize
prefix 1049622
directory 6
directory/subdirectory 5
leaf_directory 21
unusual#? directory , 14

$ gufi_stats    filecount
5

$ gufi_stats -r filecount
prefix 5
directory 3
directory/subdirectory 1
leaf_directory 2
unusual#? directory , 1

$ gufi_stats    linkcount
1

$ gufi_stats -r linkcount
prefix 1
directory 0
directory/subdirectory 1
leaf_directory 0
unusual#? directory , 0

$ gufi_stats    extensions
1KB 1
1MB 1
file_symlink 1
hidden 1
old_file 1
repeat_name 1

$ gufi_stats -r extensions
1KB 1
1MB 1
directory_symlink 1
executable 1
file_symlink 1
hidden 1
leaf_file1 1
leaf_file2 1
old_file 1
readonly 1
repeat_name 2
unusual, name?# 1
writable 1

$ gufi_stats    total-filesize
1001 1049668

$ gufi_stats -c total-filesize
1049668

$ gufi_stats    total-filecount
1001 12

$ gufi_stats -c total-filecount
12

$ gufi_stats    total-linkcount
1001 2

$ gufi_stats -c total-linkcount
2

$ gufi_stats    dircount
3

$ gufi_stats -r dircount
prefix 3
directory 1
directory/subdirectory 0
leaf_directory 0
unusual#? directory , 0

$ gufi_stats    total-dircount
1001 4

$ gufi_stats -c total-dircount
5

$ gufi_stats    files-per-level
1001 0 5
1001 1 6
1001 2 1

$ gufi_stats -c files-per-level
0 5
1 6
2 1

$ gufi_stats    links-per-level
1001 0 1
1001 2 1

$ gufi_stats -c links-per-level
0 1
2 1

$ gufi_stats    dirs-per-level
1001 0 1
1001 1 3
1001 2 1

$ gufi_stats -c dirs-per-level
0 1
1 3
2 1

$ gufi_stats    duplicate-names

$ gufi_stats uid-size --order ASC
1001 0 old_file
1001 1 directory/executable
1001 2 directory/readonly
1001 3 directory/writable
1001 5 directory/subdirectory/repeat_name
1001 9 .hidden
1001 10 leaf_directory/leaf_file1
1001 11 leaf_directory/leaf_file2
1001 13 repeat_name
1001 14 unusual#? directory ,/unusual, name?#
1001 1024 1KB
1001 1048576 1MB

$ gufi_stats uid-size --num-results 6 --order ASC
1001 0 old_file
1001 1 directory/executable
1001 2 directory/readonly
1001 3 directory/writable
1001 5 directory/subdirectory/repeat_name
1001 9 .hidden

$ gufi_stats uid-size --order DESC
1001 1048576 1MB
1001 1024 1KB
1001 14 unusual#? directory ,/unusual, name?#
1001 13 repeat_name
1001 11 leaf_directory/leaf_file2
1001 10 leaf_directory/leaf_file1
1001 9 .hidden
1001 5 directory/subdirectory/repeat_name
1001 3 directory/writable
1001 2 directory/readonly
1001 1 directory/executable
1001 0 old_file

$ gufi_stats uid-size --num-results 6 --order DESC
1001 1048576 1MB
1001 1024 1KB
1001 14 unusual#? directory ,/unusual, name?#
1001 13 repeat_name
1001 11 leaf_directory/leaf_file2
1001 10 leaf_directory/leaf_file1

$ gufi_stats gid-size --order ASC
1001 0 old_file
1001 1 directory/executable
1001 2 directory/readonly
1001 3 directory/writable
1001 5 directory/subdirectory/repeat_name
1001 9 .hidden
1001 10 leaf_directory/leaf_file1
1001 11 leaf_directory/leaf_file2
1001 13 repeat_name
1001 14 unusual#? directory ,/unusual, name?#
1001 1024 1KB
1001 1048576 1MB

$ gufi_stats gid-size --num-results 6 --order ASC
1001 0 old_file
1001 1 directory/executable
1001 2 directory/readonly
1001 3 directory/writable
1001 5 directory/subdirectory/repeat_name
1001 9 .hidden

$ gufi_stats gid-size --order DESC
1001 1048576 1MB
1001 1024 1KB
1001 14 unusual#? directory ,/unusual, name?#
1001 13 repeat_name
1001 11 leaf_directory/leaf_file2
1001 10 leaf_directory/leaf_file1
1001 9 .hidden
1001 5 directory/subdirectory/repeat_name
1001 3 directory/writable
1001 2 directory/readonly
1001 1 directory/executable
1001 0 old_file

$ gufi_stats gid-size --num-results 6 --order DESC
1001 1048576 1MB
1001 1024 1KB
1001 14 unusual#? directory ,/unusual, name?#
1001 13 repeat_name
1001 11 leaf_directory/leaf_file2
1001 10 leaf_directory/leaf_file1

$ gufi_stats -c depth
--cumulative/-c has no effect on "depth" statistic
0

$ gufi_stats -r total-filesize
--recursive/-r has no effect on "total-filesize" statistic
1001 1049668

$ gufi_stats -c duplicate-names
--recursive/-r and --cumulative/-c have no effect on "duplicate-names" statistic

$ gufi_stats -r duplicate-names
--recursive/-r and --cumulative/-c have no effect on "duplicate-names" statistic

$ gufi_stats -r depth --skip "skip"
prefix 0
leaf_directory 1
unusual#? directory , 1

$ gufi_stats -r depth --skip "skip.bad"
Error: Cannot open skip file "skip.bad"
Error: Bad input skip list

$ gufi_stats    leaf-dirs
leaf_directory
unusual#? directory ,

$ gufi_stats -r leaf-dirs
directory/subdirectory
leaf_directory
unusual#? directory ,

$ gufi_stats    leaf-depth
leaf_directory 1
unusual#? directory , 1

$ gufi_stats -r leaf-depth
directory/subdirectory 2
leaf_directory 1
unusual#? directory , 1

$ gufi_stats    leaf-files
leaf_directory 2
unusual#? directory , 1

$ gufi_stats -r leaf-files
directory/subdirectory 1
leaf_directory 2
unusual#? directory , 1

$ gufi_stats    total-leaf-files
1001 4

$ gufi_stats -c total-leaf-files
4

$ gufi_stats    average-leaf-files
1.33333333333333

$ gufi_stats    average-leaf-links
0.333333333333333

$ gufi_stats    average-leaf-size
13.3333333333333

$ gufi_stats    median-leaf-files
1.0

$ gufi_stats    median-leaf-links
0.0

$ gufi_stats    median-leaf-size
14.0

