# gufi_dir2index help
$ gufi_dir2index
usage: gufi_dir2index [options] input_dir... output_dir
options:
  -h                     help
  -H                     show assigned input values (debugging)
  -n <threads>           number of threads
  -x                     index/query xattrs
  -z <max level>         maximum level to go down
  -k <filename>          file containing directory names to skip
  -M <bytes>             target memory footprint
  -C <count>             Number of subdirectories allowed to be enqueued for parallel processing. Any remainders will be processed in-situ
  -e                     compress work items
  -q <basename>          Basename of file to keep track of during indexing

input_dir...      walk one or more trees to produce GUFI index
output_dir        build GUFI index here


Index Everything:
    Source Directory:
        prefix
        prefix/.hidden
        prefix/1KB
        prefix/1MB
        prefix/directory
        prefix/directory/executable
        prefix/directory/readonly
        prefix/directory/subdirectory
        prefix/directory/subdirectory/directory_symlink
        prefix/directory/subdirectory/repeat_name
        prefix/directory/writable
        prefix/empty_directory
        prefix/file_symlink
        prefix/leaf_directory
        prefix/leaf_directory/leaf_file1
        prefix/leaf_directory/leaf_file2
        prefix/old_file
        prefix/repeat_name
        prefix/unusual#? directory ,
        prefix/unusual#? directory ,/unusual, name?#

    Creating GUFI Index prefix with 1 threads
    Total Dirs:          6
    Total Files:         14

    GUFI Index:
        prefix
        prefix/.hidden
        prefix/1KB
        prefix/1MB
        prefix/directory
        prefix/directory/executable
        prefix/directory/readonly
        prefix/directory/subdirectory
        prefix/directory/subdirectory/directory_symlink
        prefix/directory/subdirectory/repeat_name
        prefix/directory/writable
        prefix/empty_directory
        prefix/file_symlink
        prefix/leaf_directory
        prefix/leaf_directory/leaf_file1
        prefix/leaf_directory/leaf_file2
        prefix/old_file
        prefix/repeat_name
        prefix/unusual#? directory ,
        prefix/unusual#? directory ,/unusual, name?#

Index up to level 0:
    Source Directory:
        prefix

    Creating GUFI Index prefix with 1 threads
    Total Dirs:          1
    Total Files:         0

    GUFI Index:
        prefix

Index up to level 1:
    Source Directory:
        prefix
        prefix/.hidden
        prefix/1KB
        prefix/1MB
        prefix/directory
        prefix/empty_directory
        prefix/file_symlink
        prefix/leaf_directory
        prefix/old_file
        prefix/repeat_name
        prefix/unusual#? directory ,

    Creating GUFI Index prefix with 1 threads
    Total Dirs:          5
    Total Files:         6

    GUFI Index:
        prefix
        prefix/.hidden
        prefix/1KB
        prefix/1MB
        prefix/directory
        prefix/empty_directory
        prefix/file_symlink
        prefix/leaf_directory
        prefix/old_file
        prefix/repeat_name
        prefix/unusual#? directory ,

Index up to level 2:
    Source Directory:
        prefix
        prefix/.hidden
        prefix/1KB
        prefix/1MB
        prefix/directory
        prefix/directory/executable
        prefix/directory/readonly
        prefix/directory/subdirectory
        prefix/directory/writable
        prefix/empty_directory
        prefix/file_symlink
        prefix/leaf_directory
        prefix/leaf_directory/leaf_file1
        prefix/leaf_directory/leaf_file2
        prefix/old_file
        prefix/repeat_name
        prefix/unusual#? directory ,
        prefix/unusual#? directory ,/unusual, name?#

    Creating GUFI Index prefix with 1 threads
    Total Dirs:          6
    Total Files:         12

    GUFI Index:
        prefix
        prefix/.hidden
        prefix/1KB
        prefix/1MB
        prefix/directory
        prefix/directory/executable
        prefix/directory/readonly
        prefix/directory/subdirectory
        prefix/directory/writable
        prefix/empty_directory
        prefix/file_symlink
        prefix/leaf_directory
        prefix/leaf_directory/leaf_file1
        prefix/leaf_directory/leaf_file2
        prefix/old_file
        prefix/repeat_name
        prefix/unusual#? directory ,
        prefix/unusual#? directory ,/unusual, name?#

Index up to level 3:
    Source Directory:
        prefix
        prefix/.hidden
        prefix/1KB
        prefix/1MB
        prefix/directory
        prefix/directory/executable
        prefix/directory/readonly
        prefix/directory/subdirectory
        prefix/directory/subdirectory/directory_symlink
        prefix/directory/subdirectory/repeat_name
        prefix/directory/writable
        prefix/empty_directory
        prefix/file_symlink
        prefix/leaf_directory
        prefix/leaf_directory/leaf_file1
        prefix/leaf_directory/leaf_file2
        prefix/old_file
        prefix/repeat_name
        prefix/unusual#? directory ,
        prefix/unusual#? directory ,/unusual, name?#

    Creating GUFI Index prefix with 1 threads
    Total Dirs:          6
    Total Files:         14

    GUFI Index:
        prefix
        prefix/.hidden
        prefix/1KB
        prefix/1MB
        prefix/directory
        prefix/directory/executable
        prefix/directory/readonly
        prefix/directory/subdirectory
        prefix/directory/subdirectory/directory_symlink
        prefix/directory/subdirectory/repeat_name
        prefix/directory/writable
        prefix/empty_directory
        prefix/file_symlink
        prefix/leaf_directory
        prefix/leaf_directory/leaf_file1
        prefix/leaf_directory/leaf_file2
        prefix/old_file
        prefix/repeat_name
        prefix/unusual#? directory ,
        prefix/unusual#? directory ,/unusual, name?#


# target is file
$ gufi_dir2index -n 2 "prefix" "prefix/1KB"
"prefix/1KB" Already exists!
Destination path is not a directory "prefix/1KB"

# source path is file
$ gufi_dir2index -n 2 "prefix/1KB" "prefix"
Source path is not a directory "prefix/1KB"
Creating GUFI Index prefix with 2 threads
Total Dirs:          0
Total Files:         0

# empty source path
$ gufi_dir2index -n 2 "" "trace"
Could not resolve path "": No such file or directory (2)
Creating GUFI Index trace with 2 threads
Total Dirs:          0
Total Files:         0

# skip file
$ gufi_dir2index -n 2 -k "skip" "prefix" "prefix"
"prefix" Already exists!
Creating GUFI Index prefix with 2 threads
Total Dirs:          4
Total Files:         9

$ gufi_query -d " " -S "SELECT rpath(sname, sroll) FROM vrsummary;" -E "SELECT rpath(sname, sroll) || '/' || name FROM vrpentries;" "prefix"
prefix
prefix/.hidden
prefix/1KB
prefix/1MB
prefix/empty_directory
prefix/file_symlink
prefix/leaf_directory
prefix/leaf_directory/leaf_file1
prefix/leaf_directory/leaf_file2
prefix/old_file
prefix/repeat_name
prefix/unusual#? directory ,
prefix/unusual#? directory ,/unusual, name?#

# bad skip file
$ gufi_dir2index -n 2 -k "skip.bad" "prefix" "prefix"
Error: Cannot open skip file "skip.bad"

