# querydbs help
$ querydbs
usage: querydbs [options] attach_name table_name SQL DB_name [DB_name ...]
options:
  -h                     help
  -H                     show assigned input values (debugging)
  -N                     print column-names (header) for DB results
  -V                     print column-values (rows) for DB results
  -d <delim>             delimiter (one char)  [use 'x' for 0x1E]

attach_name              prefix of alias used to attach database files
table_name               name of table in database file to attach; also used for view table name: 'v<table_name>'
SQL                      arbitrary SQL executed on view
DB_name                  path of source database file(s) to add to view

# Use gufi_query to generate per-thread result database files
$ gufi_query -n 2 -O "outdb" -I "CREATE TABLE out(name TEXT, size INT64)" -E "INSERT INTO out SELECT rpath(sname, sroll) || '/' || name, size FROM vrpentries WHERE (type=='f');" "prefix"

# Query all per-thread result databse files at once
$ querydbs -d '|' -NV outdb "out" "SELECT name, size FROM vout ORDER BY size ASC, name ASC" outdb.*
name|size|
empty_file|0|
directory/executable|1|
directory/readonly|2|
directory/writable|3|
directory/subdirectory/repeat_name|4|
repeat_name|4|
.hidden|5|
leaf_directory/leaf_file1|6|
leaf_directory/leaf_file2|7|
old_file|8|
unusual#? directory ,/unusual, name?#|9|
1KB|1024|
1MB|1048576|
query returned 13 records

# Query all per-thread result databse files at once without printing results
$ querydbs -d '|' outdb "out" "SELECT name, size FROM vout ORDER BY size ASC, name ASC" outdb.*
query returned 13 records

# Bad Query
$ querydbs -d '|' outdb "out" "Bad Query" outdb.*
Error: User query failed: near "Bad": syntax error

# Attach too many database files
$ querydbs -d '|' -NV outdb "out" "SELECT name, size FROM vout ORDER BY size ASC, name ASC" outdb.* outdb.* outdb.* outdb.* outdb.* outdb.* outdb.* outdb.* outdb.* outdb.* outdb.* outdb.* outdb.* outdb.* outdb.* outdb.* outdb.* outdb.* outdb.* outdb.* outdb.* outdb.* outdb.* outdb.* outdb.* outdb.* outdb.* outdb.* outdb.* outdb.* outdb.* outdb.* outdb.* outdb.* outdb.* outdb.* outdb.* outdb.* outdb.* outdb.* outdb.* outdb.* outdb.* outdb.* outdb.* outdb.* outdb.* outdb.* outdb.* outdb.* outdb.* outdb.* outdb.* outdb.* outdb.* outdb.* outdb.* outdb.* outdb.* outdb.* outdb.* outdb.* outdb.*
Cannot attach database as "outdb125": too many attached databases - max 125

