$ userfilespacehog "prefix" 2
query to get total file count and total file size grouped by user using the entries table
user 12 1049668

